[90m09:41:00.000[0m [36mINFO [0m [35mboot    [0m Paperplane demo application starting version=2.8.0 env=showcase data=synthetic
[90m09:41:00.137[0m [36mINFO [0m [35mconfig  [0m Configuration loaded workers=8 cache=enabled queue=enabled tracing=enabled
[90m09:41:00.274[0m [36mINFO [0m [35mdatabase[0m Connection pool ready active=0 idle=16 max=32 migrations=up-to-date
[90m09:41:00.411[0m [36mINFO [0m [35mhttp    [0m Application ready protocol=HTTP/1.1 routes=28 health=ok mode=synthetic-demo
[90m09:41:00.548[0m [36mINFO [0m [35mhttp    [0m GET /api/catalog page=1 status=200 duration=88ms request=demo-0001
[90m09:41:00.685[0m [90mDEBUG[0m [35mrouter  [0m Matched route=catalog.list handler=CatalogController.list request=demo-0001
[90m09:41:00.822[0m [36mINFO [0m [35mcache   [0m HIT key=catalog:page:1 age=6s ttl=120s duration=1ms request=demo-0001
[90m09:41:00.959[0m [90mDEBUG[0m [35mdatabase[0m SELECT products rows=24 pool_active=3 pool_idle=13 duration=4ms request=demo-0001
[90m09:41:01.096[0m [36mINFO [0m [35msearch  [0m Query completed index=products query=notebook hits=24 duration=8ms request=demo-0001
[90m09:41:01.233[0m [36mINFO [0m [35mhttp    [0m POST /api/cart/items item=1001 quantity=2 status=201 duration=12ms request=demo-0001
[90m09:41:01.370[0m [36mINFO [0m [35mcart    [0m Cart updated cart=sample-001 items=3 currency=DEMO total=42.00 request=demo-0001
[90m09:41:01.507[0m [36mINFO [0m [35mqueue   [0m Published event=cart.updated topic=shop-events partition=1 offset=8701
[90m09:41:01.644[0m [90mDEBUG[0m [35mworker  [0m Job started type=refresh-preview job=demo-job-0001 attempt=1 worker=worker-1
[90m09:41:01.781[0m [1;33mWARN [0m [35mcache   [0m Slow cache lookup key=preview:1001 duration=152ms threshold=100ms fallback=database
[90m09:41:01.918[0m [36mINFO [0m [35mworker  [0m Preview generated item=1001 variants=4 duration=86ms storage=demo-memory result=ok
[90m09:41:02.055[0m [36mINFO [0m [35mhttp    [0m GET /api/items/1001/preview status=200 bytes=4096 duration=24ms request=demo-0001
[90m09:41:02.192[0m [1;31mERROR[0m [35mupstream[0m Inventory request timed out service=demo-inventory timeout=250ms attempt=1 retry_in=50ms
[90m09:41:02.329[0m [1;33mWARN [0m [35mretry   [0m Retrying operation=inventory.lookup item=1001 attempt=2 max_attempts=3 backoff=50ms
[90m09:41:02.466[0m [36mINFO [0m [35mupstream[0m Inventory request recovered item=1001 available=128 attempt=2 duration=19ms result=ok
[90m09:41:02.603[0m [36mINFO [0m [35mqueue   [0m Acknowledged event=cart.updated consumer=analytics-demo lag=0 processed=24
[90m09:41:02.740[0m [90mDEBUG[0m [35mmetrics [0m Requests total=37 rate=42/s p50=18ms p95=84ms errors=0.2% window=60s
[90m09:41:02.877[0m [36mINFO [0m [35mhealth  [0m Probe passed database=ok cache=ok queue=ok workers=8/8 uptime=3s status=healthy
[90m09:41:03.014[0m [36mINFO [0m [35mruntime [0m Heap used=102MB limit=512MB threads=24 cpu=13% gc_pause=2ms connections=16
[90m09:41:03.151[0m [36mINFO [0m [35mscheduler[0m Batch completed batch=demo-0001 jobs=24 failed=0 recovered=1 next_tick=1000ms
[90m09:41:03.288[0m [36mINFO [0m [35mhttp    [0m GET /api/catalog page=2 status=200 duration=54ms request=demo-0002
[90m09:41:03.425[0m [90mDEBUG[0m [35mrouter  [0m Matched route=catalog.list handler=CatalogController.list request=demo-0002
[90m09:41:03.562[0m [36mINFO [0m [35mcache   [0m HIT key=catalog:page:2 age=7s ttl=120s duration=1ms request=demo-0002
[90m09:41:03.699[0m [90mDEBUG[0m [35mdatabase[0m SELECT products rows=24 pool_active=3 pool_idle=13 duration=4ms request=demo-0002
[90m09:41:03.836[0m [36mINFO [0m [35msearch  [0m Query completed index=products query=notebook hits=24 duration=8ms request=demo-0002
[90m09:41:03.973[0m [36mINFO [0m [35mhttp    [0m POST /api/cart/items item=1002 quantity=2 status=201 duration=12ms request=demo-0002
[90m09:41:04.110[0m [36mINFO [0m [35mcart    [0m Cart updated cart=sample-002 items=3 currency=DEMO total=42.00 request=demo-0002
[90m09:41:04.247[0m [36mINFO [0m [35mqueue   [0m Published event=cart.updated topic=shop-events partition=2 offset=8702
[90m09:41:04.384[0m [90mDEBUG[0m [35mworker  [0m Job started type=refresh-preview job=demo-job-0002 attempt=1 worker=worker-2
[90m09:41:04.521[0m [1;33mWARN [0m [35mcache   [0m Slow cache lookup key=preview:1002 duration=152ms threshold=100ms fallback=database
[90m09:41:04.658[0m [36mINFO [0m [35mworker  [0m Preview generated item=1002 variants=4 duration=86ms storage=demo-memory result=ok
[90m09:41:04.795[0m [36mINFO [0m [35mhttp    [0m GET /api/items/1002/preview status=200 bytes=4096 duration=24ms request=demo-0002
[90m09:41:04.932[0m [1;31mERROR[0m [35mupstream[0m Inventory request timed out service=demo-inventory timeout=250ms attempt=1 retry_in=50ms
[90m09:41:05.069[0m [1;33mWARN [0m [35mretry   [0m Retrying operation=inventory.lookup item=1002 attempt=2 max_attempts=3 backoff=50ms
[90m09:41:05.206[0m [36mINFO [0m [35mupstream[0m Inventory request recovered item=1002 available=128 attempt=2 duration=19ms result=ok
[90m09:41:05.343[0m [36mINFO [0m [35mqueue   [0m Acknowledged event=cart.updated consumer=analytics-demo lag=0 processed=48
[90m09:41:05.480[0m [90mDEBUG[0m [35mmetrics [0m Requests total=74 rate=42/s p50=18ms p95=84ms errors=0.2% window=60s
[90m09:41:05.617[0m [36mINFO [0m [35mhealth  [0m Probe passed database=ok cache=ok queue=ok workers=8/8 uptime=6s status=healthy
[90m09:41:05.754[0m [36mINFO [0m [35mruntime [0m Heap used=107MB limit=512MB threads=24 cpu=9% gc_pause=2ms connections=16
[90m09:41:05.891[0m [36mINFO [0m [35mscheduler[0m Batch completed batch=demo-0002 jobs=24 failed=0 recovered=1 next_tick=1000ms
[90m09:41:06.028[0m [36mINFO [0m [35mhttp    [0m GET /api/catalog page=3 status=200 duration=68ms request=demo-0003
[90m09:41:06.165[0m [90mDEBUG[0m [35mrouter  [0m Matched route=catalog.list handler=CatalogController.list request=demo-0003
[90m09:41:06.302[0m [36mINFO [0m [35mcache   [0m HIT key=catalog:page:3 age=28s ttl=120s duration=1ms request=demo-0003
[90m09:41:06.439[0m [90mDEBUG[0m [35mdatabase[0m SELECT products rows=24 pool_active=3 pool_idle=13 duration=4ms request=demo-0003
[90m09:41:06.576[0m [36mINFO [0m [35msearch  [0m Query completed index=products query=notebook hits=24 duration=8ms request=demo-0003
[90m09:41:06.713[0m [36mINFO [0m [35mhttp    [0m POST /api/cart/items item=1003 quantity=2 status=201 duration=12ms request=demo-0003
[90m09:41:06.850[0m [36mINFO [0m [35mcart    [0m Cart updated cart=sample-003 items=3 currency=DEMO total=42.00 request=demo-0003
[90m09:41:06.987[0m [36mINFO [0m [35mqueue   [0m Published event=cart.updated topic=shop-events partition=3 offset=8703
[90m09:41:07.124[0m [90mDEBUG[0m [35mworker  [0m Job started type=refresh-preview job=demo-job-0003 attempt=1 worker=worker-3
[90m09:41:07.261[0m [1;33mWARN [0m [35mcache   [0m Slow cache lookup key=preview:1003 duration=152ms threshold=100ms fallback=database
[90m09:41:07.398[0m [36mINFO [0m [35mworker  [0m Preview generated item=1003 variants=4 duration=86ms storage=demo-memory result=ok
[90m09:41:07.535[0m [36mINFO [0m [35mhttp    [0m GET /api/items/1003/preview status=200 bytes=4096 duration=24ms request=demo-0003
[90m09:41:07.672[0m [1;31mERROR[0m [35mupstream[0m Inventory request timed out service=demo-inventory timeout=250ms attempt=1 retry_in=50ms
[90m09:41:07.809[0m [1;33mWARN [0m [35mretry   [0m Retrying operation=inventory.lookup item=1003 attempt=2 max_attempts=3 backoff=50ms
[90m09:41:07.946[0m [36mINFO [0m [35mupstream[0m Inventory request recovered item=1003 available=128 attempt=2 duration=19ms result=ok
[90m09:41:08.083[0m [36mINFO [0m [35mqueue   [0m Acknowledged event=cart.updated consumer=analytics-demo lag=0 processed=72
[90m09:41:08.220[0m [90mDEBUG[0m [35mmetrics [0m Requests total=111 rate=42/s p50=18ms p95=84ms errors=0.2% window=60s
[90m09:41:08.357[0m [36mINFO [0m [35mhealth  [0m Probe passed database=ok cache=ok queue=ok workers=8/8 uptime=9s status=healthy
[90m09:41:08.494[0m [36mINFO [0m [35mruntime [0m Heap used=91MB limit=512MB threads=24 cpu=4% gc_pause=2ms connections=16
[90m09:41:08.631[0m [36mINFO [0m [35mscheduler[0m Batch completed batch=demo-0003 jobs=24 failed=0 recovered=1 next_tick=1000ms
[90m09:41:08.768[0m [36mINFO [0m [35mhttp    [0m GET /api/catalog page=4 status=200 duration=31ms request=demo-0004
[90m09:41:08.905[0m [90mDEBUG[0m [35mrouter  [0m Matched route=catalog.list handler=CatalogController.list request=demo-0004
[90m09:41:09.042[0m [36mINFO [0m [35mcache   [0m HIT key=catalog:page:4 age=30s ttl=120s duration=1ms request=demo-0004
[90m09:41:09.179[0m [90mDEBUG[0m [35mdatabase[0m SELECT products rows=24 pool_active=3 pool_idle=13 duration=4ms request=demo-0004
[90m09:41:09.316[0m [36mINFO [0m [35msearch  [0m Query completed index=products query=notebook hits=24 duration=8ms request=demo-0004
[90m09:41:09.453[0m [36mINFO [0m [35mhttp    [0m POST /api/cart/items item=1004 quantity=2 status=201 duration=12ms request=demo-0004
[90m09:41:09.590[0m [36mINFO [0m [35mcart    [0m Cart updated cart=sample-004 items=3 currency=DEMO total=42.00 request=demo-0004
[90m09:41:09.727[0m [36mINFO [0m [35mqueue   [0m Published event=cart.updated topic=shop-events partition=0 offset=8704
[90m09:41:09.864[0m [90mDEBUG[0m [35mworker  [0m Job started type=refresh-preview job=demo-job-0004 attempt=1 worker=worker-4
[90m09:41:10.001[0m [1;33mWARN [0m [35mcache   [0m Slow cache lookup key=preview:1004 duration=152ms threshold=100ms fallback=database
[90m09:41:10.138[0m [36mINFO [0m [35mworker  [0m Preview generated item=1004 variants=4 duration=86ms storage=demo-memory result=ok
[90m09:41:10.275[0m [36mINFO [0m [35mhttp    [0m GET /api/items/1004/preview status=200 bytes=4096 duration=24ms request=demo-0004
[90m09:41:10.412[0m [1;31mERROR[0m [35mupstream[0m Inventory request timed out service=demo-inventory timeout=250ms attempt=1 retry_in=50ms
[90m09:41:10.549[0m [1;33mWARN [0m [35mretry   [0m Retrying operation=inventory.lookup item=1004 attempt=2 max_attempts=3 backoff=50ms
[90m09:41:10.686[0m [36mINFO [0m [35mupstream[0m Inventory request recovered item=1004 available=128 attempt=2 duration=19ms result=ok
[90m09:41:10.823[0m [36mINFO [0m [35mqueue   [0m Acknowledged event=cart.updated consumer=analytics-demo lag=0 processed=96
[90m09:41:10.960[0m [90mDEBUG[0m [35mmetrics [0m Requests total=148 rate=42/s p50=18ms p95=84ms errors=0.2% window=60s
[90m09:41:11.097[0m [36mINFO [0m [35mhealth  [0m Probe passed database=ok cache=ok queue=ok workers=8/8 uptime=12s status=healthy
[90m09:41:11.234[0m [36mINFO [0m [35mruntime [0m Heap used=111MB limit=512MB threads=24 cpu=7% gc_pause=2ms connections=16
[90m09:41:11.371[0m [36mINFO [0m [35mscheduler[0m Batch completed batch=demo-0004 jobs=24 failed=0 recovered=1 next_tick=1000ms
[90m09:41:11.508[0m [36mINFO [0m [35mhttp    [0m GET /api/catalog page=5 status=200 duration=62ms request=demo-0005
[90m09:41:11.645[0m [90mDEBUG[0m [35mrouter  [0m Matched route=catalog.list handler=CatalogController.list request=demo-0005
[90m09:41:11.782[0m [36mINFO [0m [35mcache   [0m HIT key=catalog:page:5 age=7s ttl=120s duration=1ms request=demo-0005
[90m09:41:11.919[0m [90mDEBUG[0m [35mdatabase[0m SELECT products rows=24 pool_active=3 pool_idle=13 duration=4ms request=demo-0005
[90m09:41:12.056[0m [36mINFO [0m [35msearch  [0m Query completed index=products query=notebook hits=24 duration=8ms request=demo-0005
[90m09:41:12.193[0m [36mINFO [0m [35mhttp    [0m POST /api/cart/items item=1005 quantity=2 status=201 duration=12ms request=demo-0005
[90m09:41:12.330[0m [36mINFO [0m [35mcart    [0m Cart updated cart=sample-005 items=3 currency=DEMO total=42.00 request=demo-0005
[90m09:41:12.467[0m [36mINFO [0m [35mqueue   [0m Published event=cart.updated topic=shop-events partition=1 offset=8705
[90m09:41:12.604[0m [90mDEBUG[0m [35mworker  [0m Job started type=refresh-preview job=demo-job-0005 attempt=1 worker=worker-5
[90m09:41:12.741[0m [1;33mWARN [0m [35mcache   [0m Slow cache lookup key=preview:1005 duration=152ms threshold=100ms fallback=database
[90m09:41:12.878[0m [36mINFO [0m [35mworker  [0m Preview generated item=1005 variants=4 duration=86ms storage=demo-memory result=ok
[90m09:41:13.015[0m [36mINFO [0m [35mhttp    [0m GET /api/items/1005/preview status=200 bytes=4096 duration=24ms request=demo-0005
[90m09:41:13.152[0m [1;31mERROR[0m [35mupstream[0m Inventory request timed out service=demo-inventory timeout=250ms attempt=1 retry_in=50ms
[90m09:41:13.289[0m [1;33mWARN [0m [35mretry   [0m Retrying operation=inventory.lookup item=1005 attempt=2 max_attempts=3 backoff=50ms
[90m09:41:13.426[0m [36mINFO [0m [35mupstream[0m Inventory request recovered item=1005 available=128 attempt=2 duration=19ms result=ok
[90m09:41:13.563[0m [36mINFO [0m [35mqueue   [0m Acknowledged event=cart.updated consumer=analytics-demo lag=0 processed=120
[90m09:41:13.700[0m [90mDEBUG[0m [35mmetrics [0m Requests total=185 rate=42/s p50=18ms p95=84ms errors=0.2% window=60s
[90m09:41:13.837[0m [36mINFO [0m [35mhealth  [0m Probe passed database=ok cache=ok queue=ok workers=8/8 uptime=15s status=healthy
[90m09:41:13.974[0m [36mINFO [0m [35mruntime [0m Heap used=106MB limit=512MB threads=24 cpu=9% gc_pause=2ms connections=16
[90m09:41:14.111[0m [36mINFO [0m [35mscheduler[0m Batch completed batch=demo-0005 jobs=24 failed=0 recovered=1 next_tick=1000ms
[90m09:41:14.248[0m [36mINFO [0m [35mhttp    [0m GET /api/catalog page=6 status=200 duration=87ms request=demo-0006
[90m09:41:14.385[0m [90mDEBUG[0m [35mrouter  [0m Matched route=catalog.list handler=CatalogController.list request=demo-0006
[90m09:41:14.522[0m [36mINFO [0m [35mcache   [0m HIT key=catalog:page:6 age=28s ttl=120s duration=1ms request=demo-0006
[90m09:41:14.659[0m [90mDEBUG[0m [35mdatabase[0m SELECT products rows=24 pool_active=3 pool_idle=13 duration=4ms request=demo-0006
[90m09:41:14.796[0m [36mINFO [0m [35msearch  [0m Query completed index=products query=notebook hits=24 duration=8ms request=demo-0006
[90m09:41:14.933[0m [36mINFO [0m [35mhttp    [0m POST /api/cart/items item=1006 quantity=2 status=201 duration=12ms request=demo-0006
[90m09:41:15.070[0m [36mINFO [0m [35mcart    [0m Cart updated cart=sample-006 items=3 currency=DEMO total=42.00 request=demo-0006
[90m09:41:15.207[0m [36mINFO [0m [35mqueue   [0m Published event=cart.updated topic=shop-events partition=2 offset=8706
[90m09:41:15.344[0m [90mDEBUG[0m [35mworker  [0m Job started type=refresh-preview job=demo-job-0006 attempt=1 worker=worker-6
[90m09:41:15.481[0m [1;33mWARN [0m [35mcache   [0m Slow cache lookup key=preview:1006 duration=152ms threshold=100ms fallback=database
[90m09:41:15.618[0m [36mINFO [0m [35mworker  [0m Preview generated item=1006 variants=4 duration=86ms storage=demo-memory result=ok
[90m09:41:15.755[0m [36mINFO [0m [35mhttp    [0m GET /api/items/1006/preview status=200 bytes=4096 duration=24ms request=demo-0006
[90m09:41:15.892[0m [1;31mERROR[0m [35mupstream[0m Inventory request timed out service=demo-inventory timeout=250ms attempt=1 retry_in=50ms
[90m09:41:16.029[0m [1;33mWARN [0m [35mretry   [0m Retrying operation=inventory.lookup item=1006 attempt=2 max_attempts=3 backoff=50ms
[90m09:41:16.166[0m [36mINFO [0m [35mupstream[0m Inventory request recovered item=1006 available=128 attempt=2 duration=19ms result=ok
[90m09:41:16.303[0m [36mINFO [0m [35mqueue   [0m Acknowledged event=cart.updated consumer=analytics-demo lag=0 processed=144
[90m09:41:16.440[0m [90mDEBUG[0m [35mmetrics [0m Requests total=222 rate=42/s p50=18ms p95=84ms errors=0.2% window=60s
[90m09:41:16.577[0m [36mINFO [0m [35mhealth  [0m Probe passed database=ok cache=ok queue=ok workers=8/8 uptime=18s status=healthy
[90m09:41:16.714[0m [36mINFO [0m [35mruntime [0m Heap used=117MB limit=512MB threads=24 cpu=15% gc_pause=2ms connections=16
[90m09:41:16.851[0m [36mINFO [0m [35mscheduler[0m Batch completed batch=demo-0006 jobs=24 failed=0 recovered=1 next_tick=1000ms
[90m09:41:16.988[0m [36mINFO [0m [35mhttp    [0m GET /api/catalog page=7 status=200 duration=43ms request=demo-0007
[90m09:41:17.125[0m [90mDEBUG[0m [35mrouter  [0m Matched route=catalog.list handler=CatalogController.list request=demo-0007
[90m09:41:17.262[0m [36mINFO [0m [35mcache   [0m HIT key=catalog:page:7 age=30s ttl=120s duration=1ms request=demo-0007
[90m09:41:17.399[0m [90mDEBUG[0m [35mdatabase[0m SELECT products rows=24 pool_active=3 pool_idle=13 duration=4ms request=demo-0007
[90m09:41:17.536[0m [36mINFO [0m [35msearch  [0m Query completed index=products query=notebook hits=24 duration=8ms request=demo-0007
[90m09:41:17.673[0m [36mINFO [0m [35mhttp    [0m POST /api/cart/items item=1007 quantity=2 status=201 duration=12ms request=demo-0007
[90m09:41:17.810[0m [36mINFO [0m [35mcart    [0m Cart updated cart=sample-007 items=3 currency=DEMO total=42.00 request=demo-0007
[90m09:41:17.947[0m [36mINFO [0m [35mqueue   [0m Published event=cart.updated topic=shop-events partition=3 offset=8707
[90m09:41:18.084[0m [90mDEBUG[0m [35mworker  [0m Job started type=refresh-preview job=demo-job-0007 attempt=1 worker=worker-7
[90m09:41:18.221[0m [1;33mWARN [0m [35mcache   [0m Slow cache lookup key=preview:1007 duration=152ms threshold=100ms fallback=database
[90m09:41:18.358[0m [36mINFO [0m [35mworker  [0m Preview generated item=1007 variants=4 duration=86ms storage=demo-memory result=ok
[90m09:41:18.495[0m [36mINFO [0m [35mhttp    [0m GET /api/items/1007/preview status=200 bytes=4096 duration=24ms request=demo-0007
[90m09:41:18.632[0m [1;31mERROR[0m [35mupstream[0m Inventory request timed out service=demo-inventory timeout=250ms attempt=1 retry_in=50ms
[90m09:41:18.769[0m [1;33mWARN [0m [35mretry   [0m Retrying operation=inventory.lookup item=1007 attempt=2 max_attempts=3 backoff=50ms
[90m09:41:18.906[0m [36mINFO [0m [35mupstream[0m Inventory request recovered item=1007 available=128 attempt=2 duration=19ms result=ok
[90m09:41:19.043[0m [36mINFO [0m [35mqueue   [0m Acknowledged event=cart.updated consumer=analytics-demo lag=0 processed=168
[90m09:41:19.180[0m [90mDEBUG[0m [35mmetrics [0m Requests total=259 rate=42/s p50=18ms p95=84ms errors=0.2% window=60s
[90m09:41:19.317[0m [36mINFO [0m [35mhealth  [0m Probe passed database=ok cache=ok queue=ok workers=8/8 uptime=21s status=healthy
[90m09:41:19.454[0m [36mINFO [0m [35mruntime [0m Heap used=96MB limit=512MB threads=24 cpu=7% gc_pause=2ms connections=16
[90m09:41:19.591[0m [36mINFO [0m [35mscheduler[0m Batch completed batch=demo-0007 jobs=24 failed=0 recovered=1 next_tick=1000ms
[90m09:41:19.728[0m [36mINFO [0m [35mhttp    [0m GET /api/catalog page=8 status=200 duration=73ms request=demo-0008
[90m09:41:19.865[0m [90mDEBUG[0m [35mrouter  [0m Matched route=catalog.list handler=CatalogController.list request=demo-0008
[90m09:41:20.002[0m [36mINFO [0m [35mcache   [0m HIT key=catalog:page:8 age=28s ttl=120s duration=1ms request=demo-0008
[90m09:41:20.139[0m [90mDEBUG[0m [35mdatabase[0m SELECT products rows=24 pool_active=3 pool_idle=13 duration=4ms request=demo-0008
[90m09:41:20.276[0m [36mINFO [0m [35msearch  [0m Query completed index=products query=notebook hits=24 duration=8ms request=demo-0008
[90m09:41:20.413[0m [36mINFO [0m [35mhttp    [0m POST /api/cart/items item=1008 quantity=2 status=201 duration=12ms request=demo-0008
[90m09:41:20.550[0m [36mINFO [0m [35mcart    [0m Cart updated cart=sample-008 items=3 currency=DEMO total=42.00 request=demo-0008
[90m09:41:20.687[0m [36mINFO [0m [35mqueue   [0m Published event=cart.updated topic=shop-events partition=0 offset=8708
[90m09:41:20.824[0m [90mDEBUG[0m [35mworker  [0m Job started type=refresh-preview job=demo-job-0008 attempt=1 worker=worker-0
[90m09:41:20.961[0m [1;33mWARN [0m [35mcache   [0m Slow cache lookup key=preview:1008 duration=152ms threshold=100ms fallback=database
[90m09:41:21.098[0m [36mINFO [0m [35mworker  [0m Preview generated item=1008 variants=4 duration=86ms storage=demo-memory result=ok
[90m09:41:21.235[0m [36mINFO [0m [35mhttp    [0m GET /api/items/1008/preview status=200 bytes=4096 duration=24ms request=demo-0008
[90m09:41:21.372[0m [1;31mERROR[0m [35mupstream[0m Inventory request timed out service=demo-inventory timeout=250ms attempt=1 retry_in=50ms
[90m09:41:21.509[0m [1;33mWARN [0m [35mretry   [0m Retrying operation=inventory.lookup item=1008 attempt=2 max_attempts=3 backoff=50ms
[90m09:41:21.646[0m [36mINFO [0m [35mupstream[0m Inventory request recovered item=1008 available=128 attempt=2 duration=19ms result=ok
[90m09:41:21.783[0m [36mINFO [0m [35mqueue   [0m Acknowledged event=cart.updated consumer=analytics-demo lag=0 processed=192
[90m09:41:21.920[0m [90mDEBUG[0m [35mmetrics [0m Requests total=296 rate=42/s p50=18ms p95=84ms errors=0.2% window=60s
[90m09:41:22.057[0m [36mINFO [0m [35mhealth  [0m Probe passed database=ok cache=ok queue=ok workers=8/8 uptime=24s status=healthy
[90m09:41:22.194[0m [36mINFO [0m [35mruntime [0m Heap used=112MB limit=512MB threads=24 cpu=16% gc_pause=2ms connections=16
[90m09:41:22.331[0m [36mINFO [0m [35mscheduler[0m Batch completed batch=demo-0008 jobs=24 failed=0 recovered=1 next_tick=1000ms
[90m09:41:22.468[0m [36mINFO [0m [35mhttp    [0m GET /api/catalog page=9 status=200 duration=90ms request=demo-0009
[90m09:41:22.605[0m [90mDEBUG[0m [35mrouter  [0m Matched route=catalog.list handler=CatalogController.list request=demo-0009
[90m09:41:22.742[0m [36mINFO [0m [35mcache   [0m HIT key=catalog:page:9 age=35s ttl=120s duration=1ms request=demo-0009
[90m09:41:22.879[0m [90mDEBUG[0m [35mdatabase[0m SELECT products rows=24 pool_active=3 pool_idle=13 duration=4ms request=demo-0009
[90m09:41:23.016[0m [36mINFO [0m [35msearch  [0m Query completed index=products query=notebook hits=24 duration=8ms request=demo-0009
[90m09:41:23.153[0m [36mINFO [0m [35mhttp    [0m POST /api/cart/items item=1009 quantity=2 status=201 duration=12ms request=demo-0009
[90m09:41:23.290[0m [36mINFO [0m [35mcart    [0m Cart updated cart=sample-009 items=3 currency=DEMO total=42.00 request=demo-0009
[90m09:41:23.427[0m [36mINFO [0m [35mqueue   [0m Published event=cart.updated topic=shop-events partition=1 offset=8709
[90m09:41:23.564[0m [90mDEBUG[0m [35mworker  [0m Job started type=refresh-preview job=demo-job-0009 attempt=1 worker=worker-1
[90m09:41:23.701[0m [1;33mWARN [0m [35mcache   [0m Slow cache lookup key=preview:1009 duration=152ms threshold=100ms fallback=database
[90m09:41:23.838[0m [36mINFO [0m [35mworker  [0m Preview generated item=1009 variants=4 duration=86ms storage=demo-memory result=ok
[90m09:41:23.975[0m [36mINFO [0m [35mhttp    [0m GET /api/items/1009/preview status=200 bytes=4096 duration=24ms request=demo-0009
[90m09:41:24.112[0m [1;31mERROR[0m [35mupstream[0m Inventory request timed out service=demo-inventory timeout=250ms attempt=1 retry_in=50ms
[90m09:41:24.249[0m [1;33mWARN [0m [35mretry   [0m Retrying operation=inventory.lookup item=1009 attempt=2 max_attempts=3 backoff=50ms
[90m09:41:24.386[0m [36mINFO [0m [35mupstream[0m Inventory request recovered item=1009 available=128 attempt=2 duration=19ms result=ok
[90m09:41:24.523[0m [36mINFO [0m [35mqueue   [0m Acknowledged event=cart.updated consumer=analytics-demo lag=0 processed=216
[90m09:41:24.660[0m [90mDEBUG[0m [35mmetrics [0m Requests total=333 rate=42/s p50=18ms p95=84ms errors=0.2% window=60s
[90m09:41:24.797[0m [36mINFO [0m [35mhealth  [0m Probe passed database=ok cache=ok queue=ok workers=8/8 uptime=27s status=healthy
[90m09:41:24.934[0m [36mINFO [0m [35mruntime [0m Heap used=97MB limit=512MB threads=24 cpu=12% gc_pause=2ms connections=16
[90m09:41:25.071[0m [36mINFO [0m [35mscheduler[0m Batch completed batch=demo-0009 jobs=24 failed=0 recovered=1 next_tick=1000ms
[90m09:41:25.208[0m [36mINFO [0m [35mhttp    [0m GET /api/catalog page=10 status=200 duration=72ms request=demo-0010
[90m09:41:25.345[0m [90mDEBUG[0m [35mrouter  [0m Matched route=catalog.list handler=CatalogController.list request=demo-0010
[90m09:41:25.482[0m [36mINFO [0m [35mcache   [0m HIT key=catalog:page:10 age=21s ttl=120s duration=1ms request=demo-0010
[90m09:41:25.619[0m [90mDEBUG[0m [35mdatabase[0m SELECT products rows=24 pool_active=3 pool_idle=13 duration=4ms request=demo-0010
[90m09:41:25.756[0m [36mINFO [0m [35msearch  [0m Query completed index=products query=notebook hits=24 duration=8ms request=demo-0010
[90m09:41:25.893[0m [36mINFO [0m [35mhttp    [0m POST /api/cart/items item=1010 quantity=2 status=201 duration=12ms request=demo-0010
[90m09:41:26.030[0m [36mINFO [0m [35mcart    [0m Cart updated cart=sample-010 items=3 currency=DEMO total=42.00 request=demo-0010
[90m09:41:26.167[0m [36mINFO [0m [35mqueue   [0m Published event=cart.updated topic=shop-events partition=2 offset=8710
[90m09:41:26.304[0m [90mDEBUG[0m [35mworker  [0m Job started type=refresh-preview job=demo-job-0010 attempt=1 worker=worker-2
[90m09:41:26.441[0m [1;33mWARN [0m [35mcache   [0m Slow cache lookup key=preview:1010 duration=152ms threshold=100ms fallback=database
[90m09:41:26.578[0m [36mINFO [0m [35mworker  [0m Preview generated item=1010 variants=4 duration=86ms storage=demo-memory result=ok
[90m09:41:26.715[0m [36mINFO [0m [35mhttp    [0m GET /api/items/1010/preview status=200 bytes=4096 duration=24ms request=demo-0010
[90m09:41:26.852[0m [1;31mERROR[0m [35mupstream[0m Inventory request timed out service=demo-inventory timeout=250ms attempt=1 retry_in=50ms
[90m09:41:26.989[0m [1;33mWARN [0m [35mretry   [0m Retrying operation=inventory.lookup item=1010 attempt=2 max_attempts=3 backoff=50ms
[90m09:41:27.126[0m [36mINFO [0m [35mupstream[0m Inventory request recovered item=1010 available=128 attempt=2 duration=19ms result=ok
[90m09:41:27.263[0m [36mINFO [0m [35mqueue   [0m Acknowledged event=cart.updated consumer=analytics-demo lag=0 processed=240
[90m09:41:27.400[0m [90mDEBUG[0m [35mmetrics [0m Requests total=370 rate=42/s p50=18ms p95=84ms errors=0.2% window=60s
[90m09:41:27.537[0m [36mINFO [0m [35mhealth  [0m Probe passed database=ok cache=ok queue=ok workers=8/8 uptime=30s status=healthy
[90m09:41:27.674[0m [36mINFO [0m [35mruntime [0m Heap used=99MB limit=512MB threads=24 cpu=12% gc_pause=2ms connections=16
[90m09:41:27.811[0m [36mINFO [0m [35mscheduler[0m Batch completed batch=demo-0010 jobs=24 failed=0 recovered=1 next_tick=1000ms
[90m09:41:27.948[0m [36mINFO [0m [35mhttp    [0m GET /api/catalog page=11 status=200 duration=46ms request=demo-0011
[90m09:41:28.085[0m [90mDEBUG[0m [35mrouter  [0m Matched route=catalog.list handler=CatalogController.list request=demo-0011
[90m09:41:28.222[0m [36mINFO [0m [35mcache   [0m HIT key=catalog:page:11 age=28s ttl=120s duration=1ms request=demo-0011
[90m09:41:28.359[0m [90mDEBUG[0m [35mdatabase[0m SELECT products rows=24 pool_active=3 pool_idle=13 duration=4ms request=demo-0011
[90m09:41:28.496[0m [36mINFO [0m [35msearch  [0m Query completed index=products query=notebook hits=24 duration=8ms request=demo-0011
[90m09:41:28.633[0m [36mINFO [0m [35mhttp    [0m POST /api/cart/items item=1011 quantity=2 status=201 duration=12ms request=demo-0011
[90m09:41:28.770[0m [36mINFO [0m [35mcart    [0m Cart updated cart=sample-011 items=3 currency=DEMO total=42.00 request=demo-0011
[90m09:41:28.907[0m [36mINFO [0m [35mqueue   [0m Published event=cart.updated topic=shop-events partition=3 offset=8711
[90m09:41:29.044[0m [90mDEBUG[0m [35mworker  [0m Job started type=refresh-preview job=demo-job-0011 attempt=1 worker=worker-3
[90m09:41:29.181[0m [1;33mWARN [0m [35mcache   [0m Slow cache lookup key=preview:1011 duration=152ms threshold=100ms fallback=database
[90m09:41:29.318[0m [36mINFO [0m [35mworker  [0m Preview generated item=1011 variants=4 duration=86ms storage=demo-memory result=ok
[90m09:41:29.455[0m [36mINFO [0m [35mhttp    [0m GET /api/items/1011/preview status=200 bytes=4096 duration=24ms request=demo-0011
[90m09:41:29.592[0m [1;31mERROR[0m [35mupstream[0m Inventory request timed out service=demo-inventory timeout=250ms attempt=1 retry_in=50ms
[90m09:41:29.729[0m [1;33mWARN [0m [35mretry   [0m Retrying operation=inventory.lookup item=1011 attempt=2 max_attempts=3 backoff=50ms
[90m09:41:29.866[0m [36mINFO [0m [35mupstream[0m Inventory request recovered item=1011 available=128 attempt=2 duration=19ms result=ok
[90m09:41:30.003[0m [36mINFO [0m [35mqueue   [0m Acknowledged event=cart.updated consumer=analytics-demo lag=0 processed=264
[90m09:41:30.140[0m [90mDEBUG[0m [35mmetrics [0m Requests total=407 rate=42/s p50=18ms p95=84ms errors=0.2% window=60s
[90m09:41:30.277[0m [36mINFO [0m [35mhealth  [0m Probe passed database=ok cache=ok queue=ok workers=8/8 uptime=33s status=healthy
[90m09:41:30.414[0m [36mINFO [0m [35mruntime [0m Heap used=116MB limit=512MB threads=24 cpu=11% gc_pause=2ms connections=16
[90m09:41:30.551[0m [36mINFO [0m [35mscheduler[0m Batch completed batch=demo-0011 jobs=24 failed=0 recovered=1 next_tick=1000ms
[90m09:41:30.688[0m [36mINFO [0m [35mhttp    [0m GET /api/catalog page=12 status=200 duration=84ms request=demo-0012
[90m09:41:30.825[0m [90mDEBUG[0m [35mrouter  [0m Matched route=catalog.list handler=CatalogController.list request=demo-0012
[90m09:41:30.962[0m [36mINFO [0m [35mcache   [0m HIT key=catalog:page:12 age=11s ttl=120s duration=1ms request=demo-0012
[90m09:41:31.099[0m [90mDEBUG[0m [35mdatabase[0m SELECT products rows=24 pool_active=3 pool_idle=13 duration=4ms request=demo-0012
[90m09:41:31.236[0m [36mINFO [0m [35msearch  [0m Query completed index=products query=notebook hits=24 duration=8ms request=demo-0012
[90m09:41:31.373[0m [36mINFO [0m [35mhttp    [0m POST /api/cart/items item=1012 quantity=2 status=201 duration=12ms request=demo-0012
[90m09:41:31.510[0m [36mINFO [0m [35mcart    [0m Cart updated cart=sample-012 items=3 currency=DEMO total=42.00 request=demo-0012
[90m09:41:31.647[0m [36mINFO [0m [35mqueue   [0m Published event=cart.updated topic=shop-events partition=0 offset=8712
[90m09:41:31.784[0m [90mDEBUG[0m [35mworker  [0m Job started type=refresh-preview job=demo-job-0012 attempt=1 worker=worker-4
[90m09:41:31.921[0m [1;33mWARN [0m [35mcache   [0m Slow cache lookup key=preview:1012 duration=152ms threshold=100ms fallback=database
[90m09:41:32.058[0m [36mINFO [0m [35mworker  [0m Preview generated item=1012 variants=4 duration=86ms storage=demo-memory result=ok
[90m09:41:32.195[0m [36mINFO [0m [35mhttp    [0m GET /api/items/1012/preview status=200 bytes=4096 duration=24ms request=demo-0012
[90m09:41:32.332[0m [1;31mERROR[0m [35mupstream[0m Inventory request timed out service=demo-inventory timeout=250ms attempt=1 retry_in=50ms
[90m09:41:32.469[0m [1;33mWARN [0m [35mretry   [0m Retrying operation=inventory.lookup item=1012 attempt=2 max_attempts=3 backoff=50ms
[90m09:41:32.606[0m [36mINFO [0m [35mupstream[0m Inventory request recovered item=1012 available=128 attempt=2 duration=19ms result=ok
[90m09:41:32.743[0m [36mINFO [0m [35mqueue   [0m Acknowledged event=cart.updated consumer=analytics-demo lag=0 processed=288
[90m09:41:32.880[0m [90mDEBUG[0m [35mmetrics [0m Requests total=444 rate=42/s p50=18ms p95=84ms errors=0.2% window=60s
[90m09:41:33.017[0m [36mINFO [0m [35mhealth  [0m Probe passed database=ok cache=ok queue=ok workers=8/8 uptime=36s status=healthy
[90m09:41:33.154[0m [36mINFO [0m [35mruntime [0m Heap used=115MB limit=512MB threads=24 cpu=8% gc_pause=2ms connections=16
[90m09:41:33.291[0m [36mINFO [0m [35mscheduler[0m Batch completed batch=demo-0012 jobs=24 failed=0 recovered=1 next_tick=1000ms
[90m09:41:33.428[0m [36mINFO [0m [35mhttp    [0m GET /api/catalog page=13 status=200 duration=56ms request=demo-0013
[90m09:41:33.565[0m [90mDEBUG[0m [35mrouter  [0m Matched route=catalog.list handler=CatalogController.list request=demo-0013
[90m09:41:33.702[0m [36mINFO [0m [35mcache   [0m HIT key=catalog:page:13 age=39s ttl=120s duration=1ms request=demo-0013
[90m09:41:33.839[0m [90mDEBUG[0m [35mdatabase[0m SELECT products rows=24 pool_active=3 pool_idle=13 duration=4ms request=demo-0013
[90m09:41:33.976[0m [36mINFO [0m [35msearch  [0m Query completed index=products query=notebook hits=24 duration=8ms request=demo-0013
[90m09:41:34.113[0m [36mINFO [0m [35mhttp    [0m POST /api/cart/items item=1013 quantity=2 status=201 duration=12ms request=demo-0013
[90m09:41:34.250[0m [36mINFO [0m [35mcart    [0m Cart updated cart=sample-013 items=3 currency=DEMO total=42.00 request=demo-0013
[90m09:41:34.387[0m [36mINFO [0m [35mqueue   [0m Published event=cart.updated topic=shop-events partition=1 offset=8713
[90m09:41:34.524[0m [90mDEBUG[0m [35mworker  [0m Job started type=refresh-preview job=demo-job-0013 attempt=1 worker=worker-5
[90m09:41:34.661[0m [1;33mWARN [0m [35mcache   [0m Slow cache lookup key=preview:1013 duration=152ms threshold=100ms fallback=database
[90m09:41:34.798[0m [36mINFO [0m [35mworker  [0m Preview generated item=1013 variants=4 duration=86ms storage=demo-memory result=ok
[90m09:41:34.935[0m [36mINFO [0m [35mhttp    [0m GET /api/items/1013/preview status=200 bytes=4096 duration=24ms request=demo-0013
[90m09:41:35.072[0m [1;31mERROR[0m [35mupstream[0m Inventory request timed out service=demo-inventory timeout=250ms attempt=1 retry_in=50ms
[90m09:41:35.209[0m [1;33mWARN [0m [35mretry   [0m Retrying operation=inventory.lookup item=1013 attempt=2 max_attempts=3 backoff=50ms
[90m09:41:35.346[0m [36mINFO [0m [35mupstream[0m Inventory request recovered item=1013 available=128 attempt=2 duration=19ms result=ok
[90m09:41:35.483[0m [36mINFO [0m [35mqueue   [0m Acknowledged event=cart.updated consumer=analytics-demo lag=0 processed=312
[90m09:41:35.620[0m [90mDEBUG[0m [35mmetrics [0m Requests total=481 rate=42/s p50=18ms p95=84ms errors=0.2% window=60s
[90m09:41:35.757[0m [36mINFO [0m [35mhealth  [0m Probe passed database=ok cache=ok queue=ok workers=8/8 uptime=39s status=healthy
[90m09:41:35.894[0m [36mINFO [0m [35mruntime [0m Heap used=113MB limit=512MB threads=24 cpu=14% gc_pause=2ms connections=16
[90m09:41:36.031[0m [36mINFO [0m [35mscheduler[0m Batch completed batch=demo-0013 jobs=24 failed=0 recovered=1 next_tick=1000ms
[90m09:41:36.168[0m [36mINFO [0m [35mhttp    [0m GET /api/catalog page=14 status=200 duration=78ms request=demo-0014
[90m09:41:36.305[0m [90mDEBUG[0m [35mrouter  [0m Matched route=catalog.list handler=CatalogController.list request=demo-0014
[90m09:41:36.442[0m [36mINFO [0m [35mcache   [0m HIT key=catalog:page:14 age=27s ttl=120s duration=1ms request=demo-0014
[90m09:41:36.579[0m [90mDEBUG[0m [35mdatabase[0m SELECT products rows=24 pool_active=3 pool_idle=13 duration=4ms request=demo-0014
[90m09:41:36.716[0m [36mINFO [0m [35msearch  [0m Query completed index=products query=notebook hits=24 duration=8ms request=demo-0014
[90m09:41:36.853[0m [36mINFO [0m [35mhttp    [0m POST /api/cart/items item=1014 quantity=2 status=201 duration=12ms request=demo-0014
[90m09:41:36.990[0m [36mINFO [0m [35mcart    [0m Cart updated cart=sample-014 items=3 currency=DEMO total=42.00 request=demo-0014
[90m09:41:37.127[0m [36mINFO [0m [35mqueue   [0m Published event=cart.updated topic=shop-events partition=2 offset=8714
[90m09:41:37.264[0m [90mDEBUG[0m [35mworker  [0m Job started type=refresh-preview job=demo-job-0014 attempt=1 worker=worker-6
[90m09:41:37.401[0m [1;33mWARN [0m [35mcache   [0m Slow cache lookup key=preview:1014 duration=152ms threshold=100ms fallback=database
[90m09:41:37.538[0m [36mINFO [0m [35mworker  [0m Preview generated item=1014 variants=4 duration=86ms storage=demo-memory result=ok
[90m09:41:37.675[0m [36mINFO [0m [35mhttp    [0m GET /api/items/1014/preview status=200 bytes=4096 duration=24ms request=demo-0014
[90m09:41:37.812[0m [1;31mERROR[0m [35mupstream[0m Inventory request timed out service=demo-inventory timeout=250ms attempt=1 retry_in=50ms
[90m09:41:37.949[0m [1;33mWARN [0m [35mretry   [0m Retrying operation=inventory.lookup item=1014 attempt=2 max_attempts=3 backoff=50ms
[90m09:41:38.086[0m [36mINFO [0m [35mupstream[0m Inventory request recovered item=1014 available=128 attempt=2 duration=19ms result=ok
[90m09:41:38.223[0m [36mINFO [0m [35mqueue   [0m Acknowledged event=cart.updated consumer=analytics-demo lag=0 processed=336
[90m09:41:38.360[0m [90mDEBUG[0m [35mmetrics [0m Requests total=518 rate=42/s p50=18ms p95=84ms errors=0.2% window=60s
[90m09:41:38.497[0m [36mINFO [0m [35mhealth  [0m Probe passed database=ok cache=ok queue=ok workers=8/8 uptime=42s status=healthy
[90m09:41:38.634[0m [36mINFO [0m [35mruntime [0m Heap used=117MB limit=512MB threads=24 cpu=13% gc_pause=2ms connections=16
[90m09:41:38.771[0m [36mINFO [0m [35mscheduler[0m Batch completed batch=demo-0014 jobs=24 failed=0 recovered=1 next_tick=1000ms
[90m09:41:38.908[0m [36mINFO [0m [35mhttp    [0m GET /api/catalog page=15 status=200 duration=30ms request=demo-0015
[90m09:41:39.045[0m [90mDEBUG[0m [35mrouter  [0m Matched route=catalog.list handler=CatalogController.list request=demo-0015
[90m09:41:39.182[0m [36mINFO [0m [35mcache   [0m HIT key=catalog:page:15 age=25s ttl=120s duration=1ms request=demo-0015
[90m09:41:39.319[0m [90mDEBUG[0m [35mdatabase[0m SELECT products rows=24 pool_active=3 pool_idle=13 duration=4ms request=demo-0015
[90m09:41:39.456[0m [36mINFO [0m [35msearch  [0m Query completed index=products query=notebook hits=24 duration=8ms request=demo-0015
[90m09:41:39.593[0m [36mINFO [0m [35mhttp    [0m POST /api/cart/items item=1015 quantity=2 status=201 duration=12ms request=demo-0015
[90m09:41:39.730[0m [36mINFO [0m [35mcart    [0m Cart updated cart=sample-015 items=3 currency=DEMO total=42.00 request=demo-0015
[90m09:41:39.867[0m [36mINFO [0m [35mqueue   [0m Published event=cart.updated topic=shop-events partition=3 offset=8715
[90m09:41:40.004[0m [90mDEBUG[0m [35mworker  [0m Job started type=refresh-preview job=demo-job-0015 attempt=1 worker=worker-7
[90m09:41:40.141[0m [1;33mWARN [0m [35mcache   [0m Slow cache lookup key=preview:1015 duration=152ms threshold=100ms fallback=database
[90m09:41:40.278[0m [36mINFO [0m [35mworker  [0m Preview generated item=1015 variants=4 duration=86ms storage=demo-memory result=ok
[90m09:41:40.415[0m [36mINFO [0m [35mhttp    [0m GET /api/items/1015/preview status=200 bytes=4096 duration=24ms request=demo-0015
[90m09:41:40.552[0m [1;31mERROR[0m [35mupstream[0m Inventory request timed out service=demo-inventory timeout=250ms attempt=1 retry_in=50ms
[90m09:41:40.689[0m [1;33mWARN [0m [35mretry   [0m Retrying operation=inventory.lookup item=1015 attempt=2 max_attempts=3 backoff=50ms
[90m09:41:40.826[0m [36mINFO [0m [35mupstream[0m Inventory request recovered item=1015 available=128 attempt=2 duration=19ms result=ok
[90m09:41:40.963[0m [36mINFO [0m [35mqueue   [0m Acknowledged event=cart.updated consumer=analytics-demo lag=0 processed=360
[90m09:41:41.100[0m [90mDEBUG[0m [35mmetrics [0m Requests total=555 rate=42/s p50=18ms p95=84ms errors=0.2% window=60s
[90m09:41:41.237[0m [36mINFO [0m [35mhealth  [0m Probe passed database=ok cache=ok queue=ok workers=8/8 uptime=45s status=healthy
[90m09:41:41.374[0m [36mINFO [0m [35mruntime [0m Heap used=118MB limit=512MB threads=24 cpu=6% gc_pause=2ms connections=16
[90m09:41:41.511[0m [36mINFO [0m [35mscheduler[0m Batch completed batch=demo-0015 jobs=24 failed=0 recovered=1 next_tick=1000ms
[90m09:41:41.648[0m [36mINFO [0m [35mhttp    [0m GET /api/catalog page=16 status=200 duration=51ms request=demo-0016
[90m09:41:41.785[0m [90mDEBUG[0m [35mrouter  [0m Matched route=catalog.list handler=CatalogController.list request=demo-0016
[90m09:41:41.922[0m [36mINFO [0m [35mcache   [0m HIT key=catalog:page:16 age=11s ttl=120s duration=1ms request=demo-0016
[90m09:41:42.059[0m [90mDEBUG[0m [35mdatabase[0m SELECT products rows=24 pool_active=3 pool_idle=13 duration=4ms request=demo-0016
[90m09:41:42.196[0m [36mINFO [0m [35msearch  [0m Query completed index=products query=notebook hits=24 duration=8ms request=demo-0016
[90m09:41:42.333[0m [36mINFO [0m [35mhttp    [0m POST /api/cart/items item=1016 quantity=2 status=201 duration=12ms request=demo-0016
[90m09:41:42.470[0m [36mINFO [0m [35mcart    [0m Cart updated cart=sample-016 items=3 currency=DEMO total=42.00 request=demo-0016
[90m09:41:42.607[0m [36mINFO [0m [35mqueue   [0m Published event=cart.updated topic=shop-events partition=0 offset=8716
[90m09:41:42.744[0m [90mDEBUG[0m [35mworker  [0m Job started type=refresh-preview job=demo-job-0016 attempt=1 worker=worker-0
[90m09:41:42.881[0m [1;33mWARN [0m [35mcache   [0m Slow cache lookup key=preview:1016 duration=152ms threshold=100ms fallback=database
[90m09:41:43.018[0m [36mINFO [0m [35mworker  [0m Preview generated item=1016 variants=4 duration=86ms storage=demo-memory result=ok
[90m09:41:43.155[0m [36mINFO [0m [35mhttp    [0m GET /api/items/1016/preview status=200 bytes=4096 duration=24ms request=demo-0016
[90m09:41:43.292[0m [1;31mERROR[0m [35mupstream[0m Inventory request timed out service=demo-inventory timeout=250ms attempt=1 retry_in=50ms
[90m09:41:43.429[0m [1;33mWARN [0m [35mretry   [0m Retrying operation=inventory.lookup item=1016 attempt=2 max_attempts=3 backoff=50ms
[90m09:41:43.566[0m [36mINFO [0m [35mupstream[0m Inventory request recovered item=1016 available=128 attempt=2 duration=19ms result=ok
[90m09:41:43.703[0m [36mINFO [0m [35mqueue   [0m Acknowledged event=cart.updated consumer=analytics-demo lag=0 processed=384
[90m09:41:43.840[0m [90mDEBUG[0m [35mmetrics [0m Requests total=592 rate=42/s p50=18ms p95=84ms errors=0.2% window=60s
[90m09:41:43.977[0m [36mINFO [0m [35mhealth  [0m Probe passed database=ok cache=ok queue=ok workers=8/8 uptime=48s status=healthy
[90m09:41:44.114[0m [36mINFO [0m [35mruntime [0m Heap used=113MB limit=512MB threads=24 cpu=9% gc_pause=2ms connections=16
[90m09:41:44.251[0m [36mINFO [0m [35mscheduler[0m Batch completed batch=demo-0016 jobs=24 failed=0 recovered=1 next_tick=1000ms
[90m09:41:44.388[0m [36mINFO [0m [35mhttp    [0m GET /api/catalog page=17 status=200 duration=26ms request=demo-0017
[90m09:41:44.525[0m [90mDEBUG[0m [35mrouter  [0m Matched route=catalog.list handler=CatalogController.list request=demo-0017
[90m09:41:44.662[0m [36mINFO [0m [35mcache   [0m HIT key=catalog:page:17 age=37s ttl=120s duration=1ms request=demo-0017
[90m09:41:44.799[0m [90mDEBUG[0m [35mdatabase[0m SELECT products rows=24 pool_active=3 pool_idle=13 duration=4ms request=demo-0017
[90m09:41:44.936[0m [36mINFO [0m [35msearch  [0m Query completed index=products query=notebook hits=24 duration=8ms request=demo-0017
[90m09:41:45.073[0m [36mINFO [0m [35mhttp    [0m POST /api/cart/items item=1017 quantity=2 status=201 duration=12ms request=demo-0017
[90m09:41:45.210[0m [36mINFO [0m [35mcart    [0m Cart updated cart=sample-017 items=3 currency=DEMO total=42.00 request=demo-0017
[90m09:41:45.347[0m [36mINFO [0m [35mqueue   [0m Published event=cart.updated topic=shop-events partition=1 offset=8717
[90m09:41:45.484[0m [90mDEBUG[0m [35mworker  [0m Job started type=refresh-preview job=demo-job-0017 attempt=1 worker=worker-1
[90m09:41:45.621[0m [1;33mWARN [0m [35mcache   [0m Slow cache lookup key=preview:1017 duration=152ms threshold=100ms fallback=database
[90m09:41:45.758[0m [36mINFO [0m [35mworker  [0m Preview generated item=1017 variants=4 duration=86ms storage=demo-memory result=ok
[90m09:41:45.895[0m [36mINFO [0m [35mhttp    [0m GET /api/items/1017/preview status=200 bytes=4096 duration=24ms request=demo-0017
[90m09:41:46.032[0m [1;31mERROR[0m [35mupstream[0m Inventory request timed out service=demo-inventory timeout=250ms attempt=1 retry_in=50ms
[90m09:41:46.169[0m [1;33mWARN [0m [35mretry   [0m Retrying operation=inventory.lookup item=1017 attempt=2 max_attempts=3 backoff=50ms
[90m09:41:46.306[0m [36mINFO [0m [35mupstream[0m Inventory request recovered item=1017 available=128 attempt=2 duration=19ms result=ok
[90m09:41:46.443[0m [36mINFO [0m [35mqueue   [0m Acknowledged event=cart.updated consumer=analytics-demo lag=0 processed=408
[90m09:41:46.580[0m [90mDEBUG[0m [35mmetrics [0m Requests total=629 rate=42/s p50=18ms p95=84ms errors=0.2% window=60s
[90m09:41:46.717[0m [36mINFO [0m [35mhealth  [0m Probe passed database=ok cache=ok queue=ok workers=8/8 uptime=51s status=healthy
[90m09:41:46.854[0m [36mINFO [0m [35mruntime [0m Heap used=103MB limit=512MB threads=24 cpu=6% gc_pause=2ms connections=16
[90m09:41:46.991[0m [36mINFO [0m [35mscheduler[0m Batch completed batch=demo-0017 jobs=24 failed=0 recovered=1 next_tick=1000ms
[90m09:41:47.128[0m [36mINFO [0m [35mhttp    [0m GET /api/catalog page=18 status=200 duration=71ms request=demo-0018
[90m09:41:47.265[0m [90mDEBUG[0m [35mrouter  [0m Matched route=catalog.list handler=CatalogController.list request=demo-0018
[90m09:41:47.402[0m [36mINFO [0m [35mcache   [0m HIT key=catalog:page:18 age=42s ttl=120s duration=1ms request=demo-0018
[90m09:41:47.539[0m [90mDEBUG[0m [35mdatabase[0m SELECT products rows=24 pool_active=3 pool_idle=13 duration=4ms request=demo-0018
[90m09:41:47.676[0m [36mINFO [0m [35msearch  [0m Query completed index=products query=notebook hits=24 duration=8ms request=demo-0018
[90m09:41:47.813[0m [36mINFO [0m [35mhttp    [0m POST /api/cart/items item=1018 quantity=2 status=201 duration=12ms request=demo-0018
[90m09:41:47.950[0m [36mINFO [0m [35mcart    [0m Cart updated cart=sample-018 items=3 currency=DEMO total=42.00 request=demo-0018
[90m09:41:48.087[0m [36mINFO [0m [35mqueue   [0m Published event=cart.updated topic=shop-events partition=2 offset=8718
[90m09:41:48.224[0m [90mDEBUG[0m [35mworker  [0m Job started type=refresh-preview job=demo-job-0018 attempt=1 worker=worker-2
[90m09:41:48.361[0m [1;33mWARN [0m [35mcache   [0m Slow cache lookup key=preview:1018 duration=152ms threshold=100ms fallback=database
[90m09:41:48.498[0m [36mINFO [0m [35mworker  [0m Preview generated item=1018 variants=4 duration=86ms storage=demo-memory result=ok
[90m09:41:48.635[0m [36mINFO [0m [35mhttp    [0m GET /api/items/1018/preview status=200 bytes=4096 duration=24ms request=demo-0018
[90m09:41:48.772[0m [1;31mERROR[0m [35mupstream[0m Inventory request timed out service=demo-inventory timeout=250ms attempt=1 retry_in=50ms
[90m09:41:48.909[0m [1;33mWARN [0m [35mretry   [0m Retrying operation=inventory.lookup item=1018 attempt=2 max_attempts=3 backoff=50ms
[90m09:41:49.046[0m [36mINFO [0m [35mupstream[0m Inventory request recovered item=1018 available=128 attempt=2 duration=19ms result=ok
[90m09:41:49.183[0m [36mINFO [0m [35mqueue   [0m Acknowledged event=cart.updated consumer=analytics-demo lag=0 processed=432
[90m09:41:49.320[0m [90mDEBUG[0m [35mmetrics [0m Requests total=666 rate=42/s p50=18ms p95=84ms errors=0.2% window=60s
[90m09:41:49.457[0m [36mINFO [0m [35mhealth  [0m Probe passed database=ok cache=ok queue=ok workers=8/8 uptime=54s status=healthy
[90m09:41:49.594[0m [36mINFO [0m [35mruntime [0m Heap used=111MB limit=512MB threads=24 cpu=10% gc_pause=2ms connections=16
[90m09:41:49.731[0m [36mINFO [0m [35mscheduler[0m Batch completed batch=demo-0018 jobs=24 failed=0 recovered=1 next_tick=1000ms
[90m09:41:49.868[0m [36mINFO [0m [35mhttp    [0m GET /api/catalog page=19 status=200 duration=77ms request=demo-0019
[90m09:41:50.005[0m [90mDEBUG[0m [35mrouter  [0m Matched route=catalog.list handler=CatalogController.list request=demo-0019
[90m09:41:50.142[0m [36mINFO [0m [35mcache   [0m HIT key=catalog:page:19 age=20s ttl=120s duration=1ms request=demo-0019
[90m09:41:50.279[0m [90mDEBUG[0m [35mdatabase[0m SELECT products rows=24 pool_active=3 pool_idle=13 duration=4ms request=demo-0019
[90m09:41:50.416[0m [36mINFO [0m [35msearch  [0m Query completed index=products query=notebook hits=24 duration=8ms request=demo-0019
[90m09:41:50.553[0m [36mINFO [0m [35mhttp    [0m POST /api/cart/items item=1019 quantity=2 status=201 duration=12ms request=demo-0019
[90m09:41:50.690[0m [36mINFO [0m [35mcart    [0m Cart updated cart=sample-019 items=3 currency=DEMO total=42.00 request=demo-0019
[90m09:41:50.827[0m [36mINFO [0m [35mqueue   [0m Published event=cart.updated topic=shop-events partition=3 offset=8719
[90m09:41:50.964[0m [90mDEBUG[0m [35mworker  [0m Job started type=refresh-preview job=demo-job-0019 attempt=1 worker=worker-3
[90m09:41:51.101[0m [1;33mWARN [0m [35mcache   [0m Slow cache lookup key=preview:1019 duration=152ms threshold=100ms fallback=database
[90m09:41:51.238[0m [36mINFO [0m [35mworker  [0m Preview generated item=1019 variants=4 duration=86ms storage=demo-memory result=ok
[90m09:41:51.375[0m [36mINFO [0m [35mhttp    [0m GET /api/items/1019/preview status=200 bytes=4096 duration=24ms request=demo-0019
[90m09:41:51.512[0m [1;31mERROR[0m [35mupstream[0m Inventory request timed out service=demo-inventory timeout=250ms attempt=1 retry_in=50ms
[90m09:41:51.649[0m [1;33mWARN [0m [35mretry   [0m Retrying operation=inventory.lookup item=1019 attempt=2 max_attempts=3 backoff=50ms
[90m09:41:51.786[0m [36mINFO [0m [35mupstream[0m Inventory request recovered item=1019 available=128 attempt=2 duration=19ms result=ok
[90m09:41:51.923[0m [36mINFO [0m [35mqueue   [0m Acknowledged event=cart.updated consumer=analytics-demo lag=0 processed=456
[90m09:41:52.060[0m [90mDEBUG[0m [35mmetrics [0m Requests total=703 rate=42/s p50=18ms p95=84ms errors=0.2% window=60s
[90m09:41:52.197[0m [36mINFO [0m [35mhealth  [0m Probe passed database=ok cache=ok queue=ok workers=8/8 uptime=57s status=healthy
[90m09:41:52.334[0m [36mINFO [0m [35mruntime [0m Heap used=110MB limit=512MB threads=24 cpu=14% gc_pause=2ms connections=16
[90m09:41:52.471[0m [36mINFO [0m [35mscheduler[0m Batch completed batch=demo-0019 jobs=24 failed=0 recovered=1 next_tick=1000ms
[90m09:41:52.608[0m [36mINFO [0m [35mhttp    [0m GET /api/catalog page=20 status=200 duration=37ms request=demo-0020
[90m09:41:52.745[0m [90mDEBUG[0m [35mrouter  [0m Matched route=catalog.list handler=CatalogController.list request=demo-0020
[90m09:41:52.882[0m [36mINFO [0m [35mcache   [0m HIT key=catalog:page:20 age=22s ttl=120s duration=1ms request=demo-0020
[90m09:41:53.019[0m [90mDEBUG[0m [35mdatabase[0m SELECT products rows=24 pool_active=3 pool_idle=13 duration=4ms request=demo-0020
[90m09:41:53.156[0m [36mINFO [0m [35msearch  [0m Query completed index=products query=notebook hits=24 duration=8ms request=demo-0020
[90m09:41:53.293[0m [36mINFO [0m [35mhttp    [0m POST /api/cart/items item=1020 quantity=2 status=201 duration=12ms request=demo-0020
[90m09:41:53.430[0m [36mINFO [0m [35mcart    [0m Cart updated cart=sample-020 items=3 currency=DEMO total=42.00 request=demo-0020
[90m09:41:53.567[0m [36mINFO [0m [35mqueue   [0m Published event=cart.updated topic=shop-events partition=0 offset=8720
[90m09:41:53.704[0m [90mDEBUG[0m [35mworker  [0m Job started type=refresh-preview job=demo-job-0020 attempt=1 worker=worker-4
[90m09:41:53.841[0m [1;33mWARN [0m [35mcache   [0m Slow cache lookup key=preview:1020 duration=152ms threshold=100ms fallback=database
[90m09:41:53.978[0m [36mINFO [0m [35mworker  [0m Preview generated item=1020 variants=4 duration=86ms storage=demo-memory result=ok
[90m09:41:54.115[0m [36mINFO [0m [35mhttp    [0m GET /api/items/1020/preview status=200 bytes=4096 duration=24ms request=demo-0020
[90m09:41:54.252[0m [1;31mERROR[0m [35mupstream[0m Inventory request timed out service=demo-inventory timeout=250ms attempt=1 retry_in=50ms
[90m09:41:54.389[0m [1;33mWARN [0m [35mretry   [0m Retrying operation=inventory.lookup item=1020 attempt=2 max_attempts=3 backoff=50ms
[90m09:41:54.526[0m [36mINFO [0m [35mupstream[0m Inventory request recovered item=1020 available=128 attempt=2 duration=19ms result=ok
[90m09:41:54.663[0m [36mINFO [0m [35mqueue   [0m Acknowledged event=cart.updated consumer=analytics-demo lag=0 processed=480
[90m09:41:54.800[0m [90mDEBUG[0m [35mmetrics [0m Requests total=740 rate=42/s p50=18ms p95=84ms errors=0.2% window=60s
[90m09:41:54.937[0m [36mINFO [0m [35mhealth  [0m Probe passed database=ok cache=ok queue=ok workers=8/8 uptime=60s status=healthy
[90m09:41:55.074[0m [36mINFO [0m [35mruntime [0m Heap used=114MB limit=512MB threads=24 cpu=15% gc_pause=2ms connections=16
[90m09:41:55.211[0m [36mINFO [0m [35mscheduler[0m Batch completed batch=demo-0020 jobs=24 failed=0 recovered=1 next_tick=1000ms
[90m09:41:55.348[0m [36mINFO [0m [35mhttp    [0m GET /api/catalog page=21 status=200 duration=44ms request=demo-0021
[90m09:41:55.485[0m [90mDEBUG[0m [35mrouter  [0m Matched route=catalog.list handler=CatalogController.list request=demo-0021
[90m09:41:55.622[0m [36mINFO [0m [35mcache   [0m HIT key=catalog:page:21 age=44s ttl=120s duration=1ms request=demo-0021
[90m09:41:55.759[0m [90mDEBUG[0m [35mdatabase[0m SELECT products rows=24 pool_active=3 pool_idle=13 duration=4ms request=demo-0021
[90m09:41:55.896[0m [36mINFO [0m [35msearch  [0m Query completed index=products query=notebook hits=24 duration=8ms request=demo-0021
[90m09:41:56.033[0m [36mINFO [0m [35mhttp    [0m POST /api/cart/items item=1021 quantity=2 status=201 duration=12ms request=demo-0021
[90m09:41:56.170[0m [36mINFO [0m [35mcart    [0m Cart updated cart=sample-021 items=3 currency=DEMO total=42.00 request=demo-0021
[90m09:41:56.307[0m [36mINFO [0m [35mqueue   [0m Published event=cart.updated topic=shop-events partition=1 offset=8721
[90m09:41:56.444[0m [90mDEBUG[0m [35mworker  [0m Job started type=refresh-preview job=demo-job-0021 attempt=1 worker=worker-5
[90m09:41:56.581[0m [1;33mWARN [0m [35mcache   [0m Slow cache lookup key=preview:1021 duration=152ms threshold=100ms fallback=database
[90m09:41:56.718[0m [36mINFO [0m [35mworker  [0m Preview generated item=1021 variants=4 duration=86ms storage=demo-memory result=ok
[90m09:41:56.855[0m [36mINFO [0m [35mhttp    [0m GET /api/items/1021/preview status=200 bytes=4096 duration=24ms request=demo-0021
[90m09:41:56.992[0m [1;31mERROR[0m [35mupstream[0m Inventory request timed out service=demo-inventory timeout=250ms attempt=1 retry_in=50ms
[90m09:41:57.129[0m [1;33mWARN [0m [35mretry   [0m Retrying operation=inventory.lookup item=1021 attempt=2 max_attempts=3 backoff=50ms
[90m09:41:57.266[0m [36mINFO [0m [35mupstream[0m Inventory request recovered item=1021 available=128 attempt=2 duration=19ms result=ok
[90m09:41:57.403[0m [36mINFO [0m [35mqueue   [0m Acknowledged event=cart.updated consumer=analytics-demo lag=0 processed=504
[90m09:41:57.540[0m [90mDEBUG[0m [35mmetrics [0m Requests total=777 rate=42/s p50=18ms p95=84ms errors=0.2% window=60s
[90m09:41:57.677[0m [36mINFO [0m [35mhealth  [0m Probe passed database=ok cache=ok queue=ok workers=8/8 uptime=63s status=healthy
[90m09:41:57.814[0m [36mINFO [0m [35mruntime [0m Heap used=99MB limit=512MB threads=24 cpu=4% gc_pause=2ms connections=16
[90m09:41:57.951[0m [36mINFO [0m [35mscheduler[0m Batch completed batch=demo-0021 jobs=24 failed=0 recovered=1 next_tick=1000ms
[90m09:41:58.088[0m [36mINFO [0m [35mhttp    [0m GET /api/catalog page=22 status=200 duration=20ms request=demo-0022
[90m09:41:58.225[0m [90mDEBUG[0m [35mrouter  [0m Matched route=catalog.list handler=CatalogController.list request=demo-0022
[90m09:41:58.362[0m [36mINFO [0m [35mcache   [0m HIT key=catalog:page:22 age=27s ttl=120s duration=1ms request=demo-0022
[90m09:41:58.499[0m [90mDEBUG[0m [35mdatabase[0m SELECT products rows=24 pool_active=3 pool_idle=13 duration=4ms request=demo-0022
[90m09:41:58.636[0m [36mINFO [0m [35msearch  [0m Query completed index=products query=notebook hits=24 duration=8ms request=demo-0022
[90m09:41:58.773[0m [36mINFO [0m [35mhttp    [0m POST /api/cart/items item=1022 quantity=2 status=201 duration=12ms request=demo-0022
[90m09:41:58.910[0m [36mINFO [0m [35mcart    [0m Cart updated cart=sample-022 items=3 currency=DEMO total=42.00 request=demo-0022
[90m09:41:59.047[0m [36mINFO [0m [35mqueue   [0m Published event=cart.updated topic=shop-events partition=2 offset=8722
[90m09:41:59.184[0m [90mDEBUG[0m [35mworker  [0m Job started type=refresh-preview job=demo-job-0022 attempt=1 worker=worker-6
[90m09:41:59.321[0m [1;33mWARN [0m [35mcache   [0m Slow cache lookup key=preview:1022 duration=152ms threshold=100ms fallback=database
[90m09:41:59.458[0m [36mINFO [0m [35mworker  [0m Preview generated item=1022 variants=4 duration=86ms storage=demo-memory result=ok
[90m09:41:59.595[0m [36mINFO [0m [35mhttp    [0m GET /api/items/1022/preview status=200 bytes=4096 duration=24ms request=demo-0022
[90m09:41:59.732[0m [1;31mERROR[0m [35mupstream[0m Inventory request timed out service=demo-inventory timeout=250ms attempt=1 retry_in=50ms
[90m09:41:59.869[0m [1;33mWARN [0m [35mretry   [0m Retrying operation=inventory.lookup item=1022 attempt=2 max_attempts=3 backoff=50ms
[90m09:42:00.006[0m [36mINFO [0m [35mupstream[0m Inventory request recovered item=1022 available=128 attempt=2 duration=19ms result=ok
[90m09:42:00.143[0m [36mINFO [0m [35mqueue   [0m Acknowledged event=cart.updated consumer=analytics-demo lag=0 processed=528
[90m09:42:00.280[0m [90mDEBUG[0m [35mmetrics [0m Requests total=814 rate=42/s p50=18ms p95=84ms errors=0.2% window=60s
[90m09:42:00.417[0m [36mINFO [0m [35mhealth  [0m Probe passed database=ok cache=ok queue=ok workers=8/8 uptime=66s status=healthy
[90m09:42:00.554[0m [36mINFO [0m [35mruntime [0m Heap used=104MB limit=512MB threads=24 cpu=12% gc_pause=2ms connections=16
[90m09:42:00.691[0m [36mINFO [0m [35mscheduler[0m Batch completed batch=demo-0022 jobs=24 failed=0 recovered=1 next_tick=1000ms
[90m09:42:00.828[0m [36mINFO [0m [35mhttp    [0m GET /api/catalog page=23 status=200 duration=35ms request=demo-0023
[90m09:42:00.965[0m [90mDEBUG[0m [35mrouter  [0m Matched route=catalog.list handler=CatalogController.list request=demo-0023
[90m09:42:01.102[0m [36mINFO [0m [35mcache   [0m HIT key=catalog:page:23 age=29s ttl=120s duration=1ms request=demo-0023
[90m09:42:01.239[0m [90mDEBUG[0m [35mdatabase[0m SELECT products rows=24 pool_active=3 pool_idle=13 duration=4ms request=demo-0023
[90m09:42:01.376[0m [36mINFO [0m [35msearch  [0m Query completed index=products query=notebook hits=24 duration=8ms request=demo-0023
[90m09:42:01.513[0m [36mINFO [0m [35mhttp    [0m POST /api/cart/items item=1023 quantity=2 status=201 duration=12ms request=demo-0023
[90m09:42:01.650[0m [36mINFO [0m [35mcart    [0m Cart updated cart=sample-023 items=3 currency=DEMO total=42.00 request=demo-0023
[90m09:42:01.787[0m [36mINFO [0m [35mqueue   [0m Published event=cart.updated topic=shop-events partition=3 offset=8723
[90m09:42:01.924[0m [90mDEBUG[0m [35mworker  [0m Job started type=refresh-preview job=demo-job-0023 attempt=1 worker=worker-7
[90m09:42:02.061[0m [1;33mWARN [0m [35mcache   [0m Slow cache lookup key=preview:1023 duration=152ms threshold=100ms fallback=database
[90m09:42:02.198[0m [36mINFO [0m [35mworker  [0m Preview generated item=1023 variants=4 duration=86ms storage=demo-memory result=ok
[90m09:42:02.335[0m [36mINFO [0m [35mhttp    [0m GET /api/items/1023/preview status=200 bytes=4096 duration=24ms request=demo-0023
[90m09:42:02.472[0m [1;31mERROR[0m [35mupstream[0m Inventory request timed out service=demo-inventory timeout=250ms attempt=1 retry_in=50ms
[90m09:42:02.609[0m [1;33mWARN [0m [35mretry   [0m Retrying operation=inventory.lookup item=1023 attempt=2 max_attempts=3 backoff=50ms
[90m09:42:02.746[0m [36mINFO [0m [35mupstream[0m Inventory request recovered item=1023 available=128 attempt=2 duration=19ms result=ok
[90m09:42:02.883[0m [36mINFO [0m [35mqueue   [0m Acknowledged event=cart.updated consumer=analytics-demo lag=0 processed=552
[90m09:42:03.020[0m [90mDEBUG[0m [35mmetrics [0m Requests total=851 rate=42/s p50=18ms p95=84ms errors=0.2% window=60s
[90m09:42:03.157[0m [36mINFO [0m [35mhealth  [0m Probe passed database=ok cache=ok queue=ok workers=8/8 uptime=69s status=healthy
[90m09:42:03.294[0m [36mINFO [0m [35mruntime [0m Heap used=95MB limit=512MB threads=24 cpu=8% gc_pause=2ms connections=16
[90m09:42:03.431[0m [36mINFO [0m [35mscheduler[0m Batch completed batch=demo-0023 jobs=24 failed=0 recovered=1 next_tick=1000ms
[90m09:42:03.568[0m [36mINFO [0m [35mhttp    [0m GET /api/catalog page=24 status=200 duration=19ms request=demo-0024
[90m09:42:03.705[0m [90mDEBUG[0m [35mrouter  [0m Matched route=catalog.list handler=CatalogController.list request=demo-0024
[90m09:42:03.842[0m [36mINFO [0m [35mcache   [0m HIT key=catalog:page:24 age=5s ttl=120s duration=1ms request=demo-0024
[90m09:42:03.979[0m [90mDEBUG[0m [35mdatabase[0m SELECT products rows=24 pool_active=3 pool_idle=13 duration=4ms request=demo-0024
[90m09:42:04.116[0m [36mINFO [0m [35msearch  [0m Query completed index=products query=notebook hits=24 duration=8ms request=demo-0024
[90m09:42:04.253[0m [36mINFO [0m [35mhttp    [0m POST /api/cart/items item=1024 quantity=2 status=201 duration=12ms request=demo-0024
[90m09:42:04.390[0m [36mINFO [0m [35mcart    [0m Cart updated cart=sample-024 items=3 currency=DEMO total=42.00 request=demo-0024
[90m09:42:04.527[0m [36mINFO [0m [35mqueue   [0m Published event=cart.updated topic=shop-events partition=0 offset=8724
[90m09:42:04.664[0m [90mDEBUG[0m [35mworker  [0m Job started type=refresh-preview job=demo-job-0024 attempt=1 worker=worker-0
[90m09:42:04.801[0m [1;33mWARN [0m [35mcache   [0m Slow cache lookup key=preview:1024 duration=152ms threshold=100ms fallback=database
[90m09:42:04.938[0m [36mINFO [0m [35mworker  [0m Preview generated item=1024 variants=4 duration=86ms storage=demo-memory result=ok
[90m09:42:05.075[0m [36mINFO [0m [35mhttp    [0m GET /api/items/1024/preview status=200 bytes=4096 duration=24ms request=demo-0024
[90m09:42:05.212[0m [1;31mERROR[0m [35mupstream[0m Inventory request timed out service=demo-inventory timeout=250ms attempt=1 retry_in=50ms
[90m09:42:05.349[0m [1;33mWARN [0m [35mretry   [0m Retrying operation=inventory.lookup item=1024 attempt=2 max_attempts=3 backoff=50ms
[90m09:42:05.486[0m [36mINFO [0m [35mupstream[0m Inventory request recovered item=1024 available=128 attempt=2 duration=19ms result=ok
[90m09:42:05.623[0m [36mINFO [0m [35mqueue   [0m Acknowledged event=cart.updated consumer=analytics-demo lag=0 processed=576
[90m09:42:05.760[0m [90mDEBUG[0m [35mmetrics [0m Requests total=888 rate=42/s p50=18ms p95=84ms errors=0.2% window=60s
[90m09:42:05.897[0m [36mINFO [0m [35mhealth  [0m Probe passed database=ok cache=ok queue=ok workers=8/8 uptime=72s status=healthy
[90m09:42:06.034[0m [36mINFO [0m [35mruntime [0m Heap used=114MB limit=512MB threads=24 cpu=4% gc_pause=2ms connections=16
[90m09:42:06.171[0m [36mINFO [0m [35mscheduler[0m Batch completed batch=demo-0024 jobs=24 failed=0 recovered=1 next_tick=1000ms
[90m09:42:06.308[0m [36mINFO [0m [35mhttp    [0m GET /api/catalog page=25 status=200 duration=57ms request=demo-0025
[90m09:42:06.445[0m [90mDEBUG[0m [35mrouter  [0m Matched route=catalog.list handler=CatalogController.list request=demo-0025
[90m09:42:06.582[0m [36mINFO [0m [35mcache   [0m HIT key=catalog:page:25 age=9s ttl=120s duration=1ms request=demo-0025
[90m09:42:06.719[0m [90mDEBUG[0m [35mdatabase[0m SELECT products rows=24 pool_active=3 pool_idle=13 duration=4ms request=demo-0025
[90m09:42:06.856[0m [36mINFO [0m [35msearch  [0m Query completed index=products query=notebook hits=24 duration=8ms request=demo-0025
[90m09:42:06.993[0m [36mINFO [0m [35mhttp    [0m POST /api/cart/items item=1025 quantity=2 status=201 duration=12ms request=demo-0025
[90m09:42:07.130[0m [36mINFO [0m [35mcart    [0m Cart updated cart=sample-025 items=3 currency=DEMO total=42.00 request=demo-0025
[90m09:42:07.267[0m [36mINFO [0m [35mqueue   [0m Published event=cart.updated topic=shop-events partition=1 offset=8725
[90m09:42:07.404[0m [90mDEBUG[0m [35mworker  [0m Job started type=refresh-preview job=demo-job-0025 attempt=1 worker=worker-1
[90m09:42:07.541[0m [1;33mWARN [0m [35mcache   [0m Slow cache lookup key=preview:1025 duration=152ms threshold=100ms fallback=database
[90m09:42:07.678[0m [36mINFO [0m [35mworker  [0m Preview generated item=1025 variants=4 duration=86ms storage=demo-memory result=ok
[90m09:42:07.815[0m [36mINFO [0m [35mhttp    [0m GET /api/items/1025/preview status=200 bytes=4096 duration=24ms request=demo-0025
[90m09:42:07.952[0m [1;31mERROR[0m [35mupstream[0m Inventory request timed out service=demo-inventory timeout=250ms attempt=1 retry_in=50ms
[90m09:42:08.089[0m [1;33mWARN [0m [35mretry   [0m Retrying operation=inventory.lookup item=1025 attempt=2 max_attempts=3 backoff=50ms
[90m09:42:08.226[0m [36mINFO [0m [35mupstream[0m Inventory request recovered item=1025 available=128 attempt=2 duration=19ms result=ok
[90m09:42:08.363[0m [36mINFO [0m [35mqueue   [0m Acknowledged event=cart.updated consumer=analytics-demo lag=0 processed=600
[90m09:42:08.500[0m [90mDEBUG[0m [35mmetrics [0m Requests total=925 rate=42/s p50=18ms p95=84ms errors=0.2% window=60s
[90m09:42:08.637[0m [36mINFO [0m [35mhealth  [0m Probe passed database=ok cache=ok queue=ok workers=8/8 uptime=75s status=healthy
[90m09:42:08.774[0m [36mINFO [0m [35mruntime [0m Heap used=91MB limit=512MB threads=24 cpu=14% gc_pause=2ms connections=16
[90m09:42:08.911[0m [36mINFO [0m [35mscheduler[0m Batch completed batch=demo-0025 jobs=24 failed=0 recovered=1 next_tick=1000ms
[90m09:42:09.048[0m [36mINFO [0m [35mhttp    [0m GET /api/catalog page=26 status=200 duration=84ms request=demo-0026
[90m09:42:09.185[0m [90mDEBUG[0m [35mrouter  [0m Matched route=catalog.list handler=CatalogController.list request=demo-0026
[90m09:42:09.322[0m [36mINFO [0m [35mcache   [0m HIT key=catalog:page:26 age=5s ttl=120s duration=1ms request=demo-0026
[90m09:42:09.459[0m [90mDEBUG[0m [35mdatabase[0m SELECT products rows=24 pool_active=3 pool_idle=13 duration=4ms request=demo-0026
[90m09:42:09.596[0m [36mINFO [0m [35msearch  [0m Query completed index=products query=notebook hits=24 duration=8ms request=demo-0026
[90m09:42:09.733[0m [36mINFO [0m [35mhttp    [0m POST /api/cart/items item=1026 quantity=2 status=201 duration=12ms request=demo-0026
[90m09:42:09.870[0m [36mINFO [0m [35mcart    [0m Cart updated cart=sample-026 items=3 currency=DEMO total=42.00 request=demo-0026
[90m09:42:10.007[0m [36mINFO [0m [35mqueue   [0m Published event=cart.updated topic=shop-events partition=2 offset=8726
[90m09:42:10.144[0m [90mDEBUG[0m [35mworker  [0m Job started type=refresh-preview job=demo-job-0026 attempt=1 worker=worker-2
[90m09:42:10.281[0m [1;33mWARN [0m [35mcache   [0m Slow cache lookup key=preview:1026 duration=152ms threshold=100ms fallback=database
[90m09:42:10.418[0m [36mINFO [0m [35mworker  [0m Preview generated item=1026 variants=4 duration=86ms storage=demo-memory result=ok
[90m09:42:10.555[0m [36mINFO [0m [35mhttp    [0m GET /api/items/1026/preview status=200 bytes=4096 duration=24ms request=demo-0026
[90m09:42:10.692[0m [1;31mERROR[0m [35mupstream[0m Inventory request timed out service=demo-inventory timeout=250ms attempt=1 retry_in=50ms
[90m09:42:10.829[0m [1;33mWARN [0m [35mretry   [0m Retrying operation=inventory.lookup item=1026 attempt=2 max_attempts=3 backoff=50ms
[90m09:42:10.966[0m [36mINFO [0m [35mupstream[0m Inventory request recovered item=1026 available=128 attempt=2 duration=19ms result=ok
[90m09:42:11.103[0m [36mINFO [0m [35mqueue   [0m Acknowledged event=cart.updated consumer=analytics-demo lag=0 processed=624
[90m09:42:11.240[0m [90mDEBUG[0m [35mmetrics [0m Requests total=962 rate=42/s p50=18ms p95=84ms errors=0.2% window=60s
[90m09:42:11.377[0m [36mINFO [0m [35mhealth  [0m Probe passed database=ok cache=ok queue=ok workers=8/8 uptime=78s status=healthy
[90m09:42:11.514[0m [36mINFO [0m [35mruntime [0m Heap used=92MB limit=512MB threads=24 cpu=12% gc_pause=2ms connections=16
[90m09:42:11.651[0m [36mINFO [0m [35mscheduler[0m Batch completed batch=demo-0026 jobs=24 failed=0 recovered=1 next_tick=1000ms
[90m09:42:11.788[0m [36mINFO [0m [35mhttp    [0m GET /api/catalog page=27 status=200 duration=19ms request=demo-0027
[90m09:42:11.925[0m [90mDEBUG[0m [35mrouter  [0m Matched route=catalog.list handler=CatalogController.list request=demo-0027
[90m09:42:12.062[0m [36mINFO [0m [35mcache   [0m HIT key=catalog:page:27 age=11s ttl=120s duration=1ms request=demo-0027
[90m09:42:12.199[0m [90mDEBUG[0m [35mdatabase[0m SELECT products rows=24 pool_active=3 pool_idle=13 duration=4ms request=demo-0027
[90m09:42:12.336[0m [36mINFO [0m [35msearch  [0m Query completed index=products query=notebook hits=24 duration=8ms request=demo-0027
[90m09:42:12.473[0m [36mINFO [0m [35mhttp    [0m POST /api/cart/items item=1027 quantity=2 status=201 duration=12ms request=demo-0027
[90m09:42:12.610[0m [36mINFO [0m [35mcart    [0m Cart updated cart=sample-027 items=3 currency=DEMO total=42.00 request=demo-0027
[90m09:42:12.747[0m [36mINFO [0m [35mqueue   [0m Published event=cart.updated topic=shop-events partition=3 offset=8727
[90m09:42:12.884[0m [90mDEBUG[0m [35mworker  [0m Job started type=refresh-preview job=demo-job-0027 attempt=1 worker=worker-3
[90m09:42:13.021[0m [1;33mWARN [0m [35mcache   [0m Slow cache lookup key=preview:1027 duration=152ms threshold=100ms fallback=database
[90m09:42:13.158[0m [36mINFO [0m [35mworker  [0m Preview generated item=1027 variants=4 duration=86ms storage=demo-memory result=ok
[90m09:42:13.295[0m [36mINFO [0m [35mhttp    [0m GET /api/items/1027/preview status=200 bytes=4096 duration=24ms request=demo-0027
[90m09:42:13.432[0m [1;31mERROR[0m [35mupstream[0m Inventory request timed out service=demo-inventory timeout=250ms attempt=1 retry_in=50ms
[90m09:42:13.569[0m [1;33mWARN [0m [35mretry   [0m Retrying operation=inventory.lookup item=1027 attempt=2 max_attempts=3 backoff=50ms
[90m09:42:13.706[0m [36mINFO [0m [35mupstream[0m Inventory request recovered item=1027 available=128 attempt=2 duration=19ms result=ok
[90m09:42:13.843[0m [36mINFO [0m [35mqueue   [0m Acknowledged event=cart.updated consumer=analytics-demo lag=0 processed=648
[90m09:42:13.980[0m [90mDEBUG[0m [35mmetrics [0m Requests total=999 rate=42/s p50=18ms p95=84ms errors=0.2% window=60s
[90m09:42:14.117[0m [36mINFO [0m [35mhealth  [0m Probe passed database=ok cache=ok queue=ok workers=8/8 uptime=81s status=healthy
[90m09:42:14.254[0m [36mINFO [0m [35mruntime [0m Heap used=96MB limit=512MB threads=24 cpu=15% gc_pause=2ms connections=16
[90m09:42:14.391[0m [36mINFO [0m [35mscheduler[0m Batch completed batch=demo-0027 jobs=24 failed=0 recovered=1 next_tick=1000ms
[90m09:42:14.528[0m [36mINFO [0m [35mhttp    [0m GET /api/catalog page=28 status=200 duration=75ms request=demo-0028
[90m09:42:14.665[0m [90mDEBUG[0m [35mrouter  [0m Matched route=catalog.list handler=CatalogController.list request=demo-0028
[90m09:42:14.802[0m [36mINFO [0m [35mcache   [0m HIT key=catalog:page:28 age=25s ttl=120s duration=1ms request=demo-0028
[90m09:42:14.939[0m [90mDEBUG[0m [35mdatabase[0m SELECT products rows=24 pool_active=3 pool_idle=13 duration=4ms request=demo-0028
[90m09:42:15.076[0m [36mINFO [0m [35msearch  [0m Query completed index=products query=notebook hits=24 duration=8ms request=demo-0028
[90m09:42:15.213[0m [36mINFO [0m [35mhttp    [0m POST /api/cart/items item=1028 quantity=2 status=201 duration=12ms request=demo-0028
[90m09:42:15.350[0m [36mINFO [0m [35mcart    [0m Cart updated cart=sample-028 items=3 currency=DEMO total=42.00 request=demo-0028
[90m09:42:15.487[0m [36mINFO [0m [35mqueue   [0m Published event=cart.updated topic=shop-events partition=0 offset=8728
[90m09:42:15.624[0m [90mDEBUG[0m [35mworker  [0m Job started type=refresh-preview job=demo-job-0028 attempt=1 worker=worker-4
[90m09:42:15.761[0m [1;33mWARN [0m [35mcache   [0m Slow cache lookup key=preview:1028 duration=152ms threshold=100ms fallback=database
[90m09:42:15.898[0m [36mINFO [0m [35mworker  [0m Preview generated item=1028 variants=4 duration=86ms storage=demo-memory result=ok
[90m09:42:16.035[0m [36mINFO [0m [35mhttp    [0m GET /api/items/1028/preview status=200 bytes=4096 duration=24ms request=demo-0028
[90m09:42:16.172[0m [1;31mERROR[0m [35mupstream[0m Inventory request timed out service=demo-inventory timeout=250ms attempt=1 retry_in=50ms
[90m09:42:16.309[0m [1;33mWARN [0m [35mretry   [0m Retrying operation=inventory.lookup item=1028 attempt=2 max_attempts=3 backoff=50ms
[90m09:42:16.446[0m [36mINFO [0m [35mupstream[0m Inventory request recovered item=1028 available=128 attempt=2 duration=19ms result=ok
[90m09:42:16.583[0m [36mINFO [0m [35mqueue   [0m Acknowledged event=cart.updated consumer=analytics-demo lag=0 processed=672
[90m09:42:16.720[0m [90mDEBUG[0m [35mmetrics [0m Requests total=1036 rate=42/s p50=18ms p95=84ms errors=0.2% window=60s
[90m09:42:16.857[0m [36mINFO [0m [35mhealth  [0m Probe passed database=ok cache=ok queue=ok workers=8/8 uptime=84s status=healthy
[90m09:42:16.994[0m [36mINFO [0m [35mruntime [0m Heap used=98MB limit=512MB threads=24 cpu=5% gc_pause=2ms connections=16
[90m09:42:17.131[0m [36mINFO [0m [35mscheduler[0m Batch completed batch=demo-0028 jobs=24 failed=0 recovered=1 next_tick=1000ms
[90m09:42:17.268[0m [36mINFO [0m [35mhttp    [0m GET /api/catalog page=29 status=200 duration=21ms request=demo-0029
[90m09:42:17.405[0m [90mDEBUG[0m [35mrouter  [0m Matched route=catalog.list handler=CatalogController.list request=demo-0029
[90m09:42:17.542[0m [36mINFO [0m [35mcache   [0m HIT key=catalog:page:29 age=14s ttl=120s duration=1ms request=demo-0029
[90m09:42:17.679[0m [90mDEBUG[0m [35mdatabase[0m SELECT products rows=24 pool_active=3 pool_idle=13 duration=4ms request=demo-0029
[90m09:42:17.816[0m [36mINFO [0m [35msearch  [0m Query completed index=products query=notebook hits=24 duration=8ms request=demo-0029
[90m09:42:17.953[0m [36mINFO [0m [35mhttp    [0m POST /api/cart/items item=1029 quantity=2 status=201 duration=12ms request=demo-0029
[90m09:42:18.090[0m [36mINFO [0m [35mcart    [0m Cart updated cart=sample-029 items=3 currency=DEMO total=42.00 request=demo-0029
[90m09:42:18.227[0m [36mINFO [0m [35mqueue   [0m Published event=cart.updated topic=shop-events partition=1 offset=8729
[90m09:42:18.364[0m [90mDEBUG[0m [35mworker  [0m Job started type=refresh-preview job=demo-job-0029 attempt=1 worker=worker-5
[90m09:42:18.501[0m [1;33mWARN [0m [35mcache   [0m Slow cache lookup key=preview:1029 duration=152ms threshold=100ms fallback=database
[90m09:42:18.638[0m [36mINFO [0m [35mworker  [0m Preview generated item=1029 variants=4 duration=86ms storage=demo-memory result=ok
[90m09:42:18.775[0m [36mINFO [0m [35mhttp    [0m GET /api/items/1029/preview status=200 bytes=4096 duration=24ms request=demo-0029
[90m09:42:18.912[0m [1;31mERROR[0m [35mupstream[0m Inventory request timed out service=demo-inventory timeout=250ms attempt=1 retry_in=50ms
[90m09:42:19.049[0m [1;33mWARN [0m [35mretry   [0m Retrying operation=inventory.lookup item=1029 attempt=2 max_attempts=3 backoff=50ms
[90m09:42:19.186[0m [36mINFO [0m [35mupstream[0m Inventory request recovered item=1029 available=128 attempt=2 duration=19ms result=ok
[90m09:42:19.323[0m [36mINFO [0m [35mqueue   [0m Acknowledged event=cart.updated consumer=analytics-demo lag=0 processed=696
[90m09:42:19.460[0m [90mDEBUG[0m [35mmetrics [0m Requests total=1073 rate=42/s p50=18ms p95=84ms errors=0.2% window=60s
[90m09:42:19.597[0m [36mINFO [0m [35mhealth  [0m Probe passed database=ok cache=ok queue=ok workers=8/8 uptime=87s status=healthy
[90m09:42:19.734[0m [36mINFO [0m [35mruntime [0m Heap used=99MB limit=512MB threads=24 cpu=11% gc_pause=2ms connections=16
[90m09:42:19.871[0m [36mINFO [0m [35mscheduler[0m Batch completed batch=demo-0029 jobs=24 failed=0 recovered=1 next_tick=1000ms
[90m09:42:20.008[0m [36mINFO [0m [35mhttp    [0m GET /api/catalog page=30 status=200 duration=20ms request=demo-0030
[90m09:42:20.145[0m [90mDEBUG[0m [35mrouter  [0m Matched route=catalog.list handler=CatalogController.list request=demo-0030
[90m09:42:20.282[0m [36mINFO [0m [35mcache   [0m HIT key=catalog:page:30 age=10s ttl=120s duration=1ms request=demo-0030
[90m09:42:20.419[0m [90mDEBUG[0m [35mdatabase[0m SELECT products rows=24 pool_active=3 pool_idle=13 duration=4ms request=demo-0030
[90m09:42:20.556[0m [36mINFO [0m [35msearch  [0m Query completed index=products query=notebook hits=24 duration=8ms request=demo-0030
[90m09:42:20.693[0m [36mINFO [0m [35mhttp    [0m POST /api/cart/items item=1030 quantity=2 status=201 duration=12ms request=demo-0030
[90m09:42:20.830[0m [36mINFO [0m [35mcart    [0m Cart updated cart=sample-030 items=3 currency=DEMO total=42.00 request=demo-0030
[90m09:42:20.967[0m [36mINFO [0m [35mqueue   [0m Published event=cart.updated topic=shop-events partition=2 offset=8730
[90m09:42:21.104[0m [90mDEBUG[0m [35mworker  [0m Job started type=refresh-preview job=demo-job-0030 attempt=1 worker=worker-6
[90m09:42:21.241[0m [1;33mWARN [0m [35mcache   [0m Slow cache lookup key=preview:1030 duration=152ms threshold=100ms fallback=database
[90m09:42:21.378[0m [36mINFO [0m [35mworker  [0m Preview generated item=1030 variants=4 duration=86ms storage=demo-memory result=ok
[90m09:42:21.515[0m [36mINFO [0m [35mhttp    [0m GET /api/items/1030/preview status=200 bytes=4096 duration=24ms request=demo-0030
[90m09:42:21.652[0m [1;31mERROR[0m [35mupstream[0m Inventory request timed out service=demo-inventory timeout=250ms attempt=1 retry_in=50ms
[90m09:42:21.789[0m [1;33mWARN [0m [35mretry   [0m Retrying operation=inventory.lookup item=1030 attempt=2 max_attempts=3 backoff=50ms
[90m09:42:21.926[0m [36mINFO [0m [35mupstream[0m Inventory request recovered item=1030 available=128 attempt=2 duration=19ms result=ok
[90m09:42:22.063[0m [36mINFO [0m [35mhealth  [0m Showcase snapshot complete requests=1110 jobs=720 recovered=30 status=healthy data=synthetic
